// Jest Snapshot v1, https://goo.gl/fbAQLP

exports[`Translate 1`] = `"<div>foo bar baz</div>"`;
